// Jest Snapshot v1, https://goo.gl/fbAQLP

exports[`matches snapshot 1`] = `
<DocumentFragment>
  <div>
    <div
      class="Box"
      style="background-color: teal; height: 50px; width: 50px;"
    />
    <button>
      X
    </button>
  </div>
</DocumentFragment>
`;
